
There are no discarded input sections

Memory Configuration

Name             Origin             Length             Attributes
*default*        0x00000000         0xffffffff

Linker script and memory map

                0x00100000                        . = 0x100000

.text           0x00100000    0x12b77
 *(.text)
 .text          0x00100000    0x12b77 ./build/kernelfull.o
                0x00100000                _start
                0x00100010                gdt_flush
                0x00100030                disk_stream_create
                0x001000f0                disk_stream_seek
                0x00100130                disk_stream_read
                0x00100590                disk_stream_close
                0x001005b0                disk_read_sector
                0x00100790                disk_search_and_init
                0x001007e0                disk_get
                0x00100800                disk_read_block
                0x00100830                serial_put
                0x00100880                serial_write
                0x00100920                serial_printf
                0x00100940                init_serial
                0x00100ab0                fs_insert_file_system
                0x00100b30                fs_load
                0x00100b60                fs_init
                0x00100fe0                fs_resolve
                0x00101340                file_get_mode_from_string
                0x001013b0                fopen
                0x00101770                fstat
                0x001018d0                fseek
                0x001019e0                fread
                0x00101c40                fclose
                0x00101e50                fs_open_dir
                0x00102800                parse_path_part
                0x00102910                pathparser_free
                0x00102a20                pathparser_parse
                0x00102b40                fat16_init
                0x00103070                fat16_sector_to_absolute
                0x001030f0                fat16_get_total_items_for_directory
                0x00103320                fat16_get_root_directory
                0x00103890                fat16_resolve
                0x00103c90                fat16_to_proper_string
                0x00103e40                fat16_get_full_relative_filename
                0x00103fb0                fat16_clone_fat_directory_entry
                0x00104950                fat16_free_directory
                0x001049d0                fat16_fat_item_free
                0x00104b00                fat16_load_fat_directory
                0x00104d80                fat16_new_fat_item_for_directory_entry
                0x00104f10                fat16_find_item_in_directory
                0x00105140                fat16_get_directory_entry
                0x001053b0                fat16_open
                0x001054e0                fat16_read
                0x00105630                fat16_seek
                0x00105870                fat16_stat
                0x00105af0                fat16_close
                0x00105b10                get_directory_entry
                0x001060c0                get_fs_root_directory
                0x001061e0                get_subdirectory
                0x00106650                inb
                0x00106670                inw
                0x00106690                inl
                0x001066b0                outb
                0x001066d0                outw
                0x00106700                outl
                0x00106720                panic
                0x00106750                kernel_page
                0x00106770                kernel_main
                0x00106820                opendir_test
                0x00106b90                multitasking_demo
                0x00106c70                paging_demo
                0x00106d70                register_syscalls
                0x00106e90                sys_open_dir
                0x00106fc0                sys_get_program_arguments
                0x001070d0                sys_clear_screen
                0x001070f0                sys_stat
                0x00107150                sys_read
                0x001071f0                sys_close
                0x00107230                sys_open
                0x001072d0                sys_exit
                0x00107340                sys_print
                0x001073d0                sys_getkey
                0x001073f0                sys_putchar
                0x00107430                sys_putchar_color
                0x001074a0                sys_malloc
                0x00107520                sys_free
                0x001075a0                sys_invoke_system
                0x00107820                keyboard_init
                0x00107840                keyboard_insert
                0x00107990                keyboard_backspace
                0x00107b00                keyboard_push
                0x00107ca0                keyboard_pop
                0x00107f50                kbd_ack
                0x00107f70                kbd_led_handling
                0x00107fb0                keyboard_get_char
                0x00108310                ps2_keyboard_init
                0x00108360                ps2_keyboard_interrupt_handler
                0x001083a0                ps2_init
                0x001083b0                elf_get_entry_ptr
                0x00108400                elf_get_entry
                0x001086b0                elf_memory
                0x00108700                elf_header
                0x00108750                elf_sheader
                0x001087c0                elf_pheader
                0x00108870                elf_program_header
                0x001088c0                elf_section
                0x00108920                elf_phdr_phys_address
                0x001089b0                elf_str_table
                0x00108a80                elf_virtual_base
                0x00108ad0                elf_virtual_end
                0x00108b20                elf_phys_base
                0x00108b70                elf_phys_end
                0x00108bd0                elf_validate_loaded
                0x00108c30                elf_process_phdr_pt_load
                0x001090d0                elf_process_pheader
                0x00109120                elf_process_pheaders
                0x001091f0                elf_process_loaded
                0x00109250                elf_load
                0x001093e0                elf_close
                0x00109460                memset
                0x001094f0                memcpy
                0x001095d0                memsetw
                0x00109650                memmove
                0x001098a0                heap_create
                0x00109d40                heap_malloc_blocks
                0x00109da0                heap_mark_blocks_free
                0x00109f50                heap_address_to_block
                0x00109fb0                heap_malloc
                0x00109fe0                heap_free
                0x0010a010                kheap_init
                0x0010a070                kmalloc
                0x0010a090                kzalloc
                0x0010a0d0                kfree
                0x0010a0f0                paging_create_directory
                0x0010a290                paging_switch_directory
                0x0010a350                paging_free_directory
                0x0010a480                paging_get_directory
                0x0010a4b0                paging_is_aligned
                0x0010a4d0                paging_get_indexes
                0x0010a570                paging_align_address
                0x0010a5a0                paging_align_to_lower_page
                0x0010a5c0                paging_map
                0x0010a620                paging_map_range
                0x0010a6f0                paging_map_to
                0x0010a7c0                paging_get_physical_address
                0x0010a800                paging_get
                0x0010a960                paging_set
                0x0010aab0                paging_init
                0x0010aaf0                reverse
                0x0010acc0                strlen
                0x0010ad50                strnlen
                0x0010add0                strnlen_terminator
                0x0010af10                memcmp
                0x0010b030                strncmp
                0x0010b160                tolower
                0x0010b190                istrncmp
                0x0010b2c0                strncpy
                0x0010b470                safestrcpy
                0x0010b590                isdigit
                0x0010b5c0                tonumericdigit
                0x0010b600                isspace
                0x0010b650                trim
                0x0010b7c0                substring
                0x0010b990                itoa
                0x0010bb80                itohex
                0x0010bce0                strtok
                0x0010c200                strdup
                0x0010c280                process_current
                0x0010c290                process_get
                0x0010c360                process_switch
                0x0010c5a0                process_terminate_allocations
                0x0010c680                process_free_program_data
                0x0010c7c0                process_switch_to_any
                0x0010ca70                process_terminate
                0x0010cb80                process_get_arguments
                0x0010cc80                process_count_command_arguments
                0x0010cd20                process_inject_arguments
                0x0010cf80                process_free
                0x0010d2f0                process_malloc
                0x0010dd20                process_map_memory
                0x0010df60                process_get_free_slot
                0x0010e040                process_load_switch
                0x0010e0a0                process_load
                0x0010e110                process_load_for_slot
                0x0010e5a0                task_current
                0x0010e5b0                task_get_next
                0x0010e870                task_free
                0x0010e8d0                task_create
                0x0010ea10                task_switch
                0x0010ea60                task_save_state
                0x0010f090                copy_string_from_task
                0x0010f210                task_current_save_state
                0x0010f250                task_page
                0x0010f280                task_page_task
                0x0010f2d0                task_run_first_task
                0x0010f360                task_init
                0x0010f6c0                task_get_stack_item
                0x0010f7a0                task_virtual_to_physical_address
                0x0010f7e0                task_next
                0x0010f870                update_cursor
                0x0010f900                write_character
                0x0010fa30                get_cursor_position
                0x0010fad0                scroll_screen
                0x0010fc30                terminal_write_char
                0x0010fec0                print
                0x0010ff70                ksprintf
                0x00110030                kprintf
                0x00110870                terminal_clear
                0x00110930                init_gdt
                0x00110a00                gdt_set_gate
                0x00110fa0                interrupt_handler
                0x00111140                idt_set
                0x001112e0                idt_exception_handler
                0x00111480                idt_clock
                0x001114a0                idt_init
                0x00111620                idt_register_interrupt_callback
                0x00111700                register_syscall
                0x00111950                handle_syscall
                0x00111a50                syscall_handler
                0x00111a90                write_tss
                0x00111b00                set_kernel_stack
                0x00111b10                abort
                0x00111b30                __stack_chk_fail
                0x00111b60                scram
                0x00111e10                __ubsan_handle_type_mismatch_v1
                0x00111f00                __ubsan_handle_type_mismatch_v1_abort
                0x00111f30                __ubsan_handle_alignment_assumption
                0x00111f90                __ubsan_handle_alignment_assumption_abort
                0x00111fc0                __ubsan_handle_add_overflow
                0x00112010                __ubsan_handle_add_overflow_abort
                0x00112040                __ubsan_handle_sub_overflow
                0x00112090                __ubsan_handle_sub_overflow_abort
                0x001120c0                __ubsan_handle_mul_overflow
                0x00112110                __ubsan_handle_mul_overflow_abort
                0x00112140                __ubsan_handle_negate_overflow
                0x00112190                __ubsan_handle_negate_overflow_abort
                0x001121c0                __ubsan_handle_divrem_overflow
                0x00112210                __ubsan_handle_divrem_overflow_abort
                0x00112240                __ubsan_handle_shift_out_of_bounds
                0x00112290                __ubsan_handle_shift_out_of_bounds_abort
                0x001122c0                __ubsan_handle_out_of_bounds
                0x00112310                __ubsan_handle_out_of_bounds_abort
                0x00112340                __ubsan_handle_builtin_unreachable
                0x00112380                __ubsan_handle_missing_return
                0x001123c0                __ubsan_handle_vla_bound_not_positive
                0x00112410                __ubsan_handle_vla_bound_not_positive_abort
                0x00112440                __ubsan_handle_float_cast_overflow
                0x00112490                __ubsan_handle_float_cast_overflow_abort
                0x001124c0                __ubsan_handle_load_invalid_value
                0x00112510                __ubsan_handle_load_invalid_value_abort
                0x00112540                __ubsan_handle_implicit_conversion
                0x00112590                __ubsan_handle_implicit_conversion_abort
                0x001125c0                __ubsan_handle_invalid_builtin
                0x00112600                __ubsan_handle_invalid_builtin_abort
                0x00112630                __ubsan_handle_invalid_objc_cast
                0x00112680                __ubsan_handle_invalid_objc_cast_abort
                0x001126b0                __ubsan_handle_function_type_mismatch
                0x00112700                __ubsan_handle_function_type_mismatch_abort
                0x00112730                __ubsan_handle_nonnull_return
                0x00112770                __ubsan_handle_nonnull_return_abort
                0x001127a0                __ubsan_handle_nonnull_return_v1
                0x001127d0                __ubsan_handle_nullability_return_v1
                0x00112800                __ubsan_handle_nonnull_return_v1_abort
                0x00112830                __ubsan_handle_nullability_return_v1_abort
                0x00112860                __ubsan_handle_nonnull_arg
                0x001128a0                __ubsan_handle_nullability_arg
                0x001128e0                __ubsan_handle_nonnull_arg_abort
                0x00112910                __ubsan_handle_nullability_arg_abort
                0x00112940                __ubsan_handle_pointer_overflow
                0x00112990                __ubsan_handle_pointer_overflow_abort
                0x001129c0                __ubsan_handle_cfi_bad_icall
                0x00112a10                __ubsan_handle_cfi_bad_icall_abort
                0x00112a40                __ubsan_handle_cfi_check_fail
                0x00112ab0                __ubsan_handle_cfi_check_fail_abort
                0x00112ae0                __ubsan_handle_cfi_bad_type
                0x00112b50                __ubsan_handle_cfi_bad_type_abort

.asm            0x00113000     0x2132
 *(.asm)
 .asm           0x00113000     0x2132 ./build/kernelfull.o
                0x00113000                kernel_registers
                0x0011300d                paging_load_directory
                0x00113018                enable_paging
                0x00113028                task_return
                0x00113059                restore_general_purpose_registers
                0x00113077                user_registers
                0x00113084                enable_interrupts
                0x00113086                disable_interrupts
                0x00113088                idt_load
                0x00113093                int0
                0x001130a1                int1
                0x001130af                int2
                0x001130bd                int3
                0x001130cb                int4
                0x001130d9                int5
                0x001130e7                int6
                0x001130f5                int7
                0x00113103                int8
                0x00113111                int9
                0x0011311f                int10
                0x0011312d                int11
                0x0011313b                int12
                0x00113149                int13
                0x00113157                int14
                0x00113165                int15
                0x00113173                int16
                0x00113181                int17
                0x0011318f                int18
                0x0011319d                int19
                0x001131ab                int20
                0x001131b9                int21
                0x001131c7                int22
                0x001131d5                int23
                0x001131e3                int24
                0x001131f1                int25
                0x001131ff                int26
                0x0011320d                int27
                0x0011321b                int28
                0x00113229                int29
                0x00113237                int30
                0x00113245                int31
                0x00113253                int32
                0x00113261                int33
                0x0011326f                int34
                0x0011327d                int35
                0x0011328b                int36
                0x00113299                int37
                0x001132a7                int38
                0x001132b5                int39
                0x001132c3                int40
                0x001132d1                int41
                0x001132df                int42
                0x001132ed                int43
                0x001132fb                int44
                0x00113309                int45
                0x00113317                int46
                0x00113325                int47
                0x00113333                int48
                0x00113341                int49
                0x0011334f                int50
                0x0011335d                int51
                0x0011336b                int52
                0x00113379                int53
                0x00113387                int54
                0x00113395                int55
                0x001133a3                int56
                0x001133b1                int57
                0x001133bf                int58
                0x001133cd                int59
                0x001133db                int60
                0x001133e9                int61
                0x001133f7                int62
                0x00113405                int63
                0x00113413                int64
                0x00113421                int65
                0x0011342f                int66
                0x0011343d                int67
                0x0011344b                int68
                0x00113459                int69
                0x00113467                int70
                0x00113475                int71
                0x00113483                int72
                0x00113491                int73
                0x0011349f                int74
                0x001134ad                int75
                0x001134bb                int76
                0x001134c9                int77
                0x001134d7                int78
                0x001134e5                int79
                0x001134f3                int80
                0x00113501                int81
                0x0011350f                int82
                0x0011351d                int83
                0x0011352b                int84
                0x00113539                int85
                0x00113547                int86
                0x00113555                int87
                0x00113563                int88
                0x00113571                int89
                0x0011357f                int90
                0x0011358d                int91
                0x0011359b                int92
                0x001135a9                int93
                0x001135b7                int94
                0x001135c5                int95
                0x001135d3                int96
                0x001135e1                int97
                0x001135ef                int98
                0x001135fd                int99
                0x0011360b                int100
                0x00113619                int101
                0x00113627                int102
                0x00113635                int103
                0x00113643                int104
                0x00113651                int105
                0x0011365f                int106
                0x0011366d                int107
                0x0011367b                int108
                0x00113689                int109
                0x00113697                int110
                0x001136a5                int111
                0x001136b3                int112
                0x001136c1                int113
                0x001136cf                int114
                0x001136dd                int115
                0x001136eb                int116
                0x001136f9                int117
                0x00113707                int118
                0x00113715                int119
                0x00113723                int120
                0x00113731                int121
                0x0011373f                int122
                0x0011374d                int123
                0x0011375b                int124
                0x00113769                int125
                0x00113777                int126
                0x00113785                int127
                0x00113793                int128
                0x001137a4                int129
                0x001137b5                int130
                0x001137c6                int131
                0x001137d7                int132
                0x001137e8                int133
                0x001137f9                int134
                0x0011380a                int135
                0x0011381b                int136
                0x0011382c                int137
                0x0011383d                int138
                0x0011384e                int139
                0x0011385f                int140
                0x00113870                int141
                0x00113881                int142
                0x00113892                int143
                0x001138a3                int144
                0x001138b4                int145
                0x001138c5                int146
                0x001138d6                int147
                0x001138e7                int148
                0x001138f8                int149
                0x00113909                int150
                0x0011391a                int151
                0x0011392b                int152
                0x0011393c                int153
                0x0011394d                int154
                0x0011395e                int155
                0x0011396f                int156
                0x00113980                int157
                0x00113991                int158
                0x001139a2                int159
                0x001139b3                int160
                0x001139c4                int161
                0x001139d5                int162
                0x001139e6                int163
                0x001139f7                int164
                0x00113a08                int165
                0x00113a19                int166
                0x00113a2a                int167
                0x00113a3b                int168
                0x00113a4c                int169
                0x00113a5d                int170
                0x00113a6e                int171
                0x00113a7f                int172
                0x00113a90                int173
                0x00113aa1                int174
                0x00113ab2                int175
                0x00113ac3                int176
                0x00113ad4                int177
                0x00113ae5                int178
                0x00113af6                int179
                0x00113b07                int180
                0x00113b18                int181
                0x00113b29                int182
                0x00113b3a                int183
                0x00113b4b                int184
                0x00113b5c                int185
                0x00113b6d                int186
                0x00113b7e                int187
                0x00113b8f                int188
                0x00113ba0                int189
                0x00113bb1                int190
                0x00113bc2                int191
                0x00113bd3                int192
                0x00113be4                int193
                0x00113bf5                int194
                0x00113c06                int195
                0x00113c17                int196
                0x00113c28                int197
                0x00113c39                int198
                0x00113c4a                int199
                0x00113c5b                int200
                0x00113c6c                int201
                0x00113c7d                int202
                0x00113c8e                int203
                0x00113c9f                int204
                0x00113cb0                int205
                0x00113cc1                int206
                0x00113cd2                int207
                0x00113ce3                int208
                0x00113cf4                int209
                0x00113d05                int210
                0x00113d16                int211
                0x00113d27                int212
                0x00113d38                int213
                0x00113d49                int214
                0x00113d5a                int215
                0x00113d6b                int216
                0x00113d7c                int217
                0x00113d8d                int218
                0x00113d9e                int219
                0x00113daf                int220
                0x00113dc0                int221
                0x00113dd1                int222
                0x00113de2                int223
                0x00113df3                int224
                0x00113e04                int225
                0x00113e15                int226
                0x00113e26                int227
                0x00113e37                int228
                0x00113e48                int229
                0x00113e59                int230
                0x00113e6a                int231
                0x00113e7b                int232
                0x00113e8c                int233
                0x00113e9d                int234
                0x00113eae                int235
                0x00113ebf                int236
                0x00113ed0                int237
                0x00113ee1                int238
                0x00113ef2                int239
                0x00113f03                int240
                0x00113f14                int241
                0x00113f25                int242
                0x00113f36                int243
                0x00113f47                int244
                0x00113f58                int245
                0x00113f69                int246
                0x00113f7a                int247
                0x00113f8b                int248
                0x00113f9c                int249
                0x00113fad                int250
                0x00113fbe                int251
                0x00113fcf                int252
                0x00113fe0                int253
                0x00113ff1                int254
                0x00114002                int255
                0x00114013                int256
                0x00114024                int257
                0x00114035                int258
                0x00114046                int259
                0x00114057                int260
                0x00114068                int261
                0x00114079                int262
                0x0011408a                int263
                0x0011409b                int264
                0x001140ac                int265
                0x001140bd                int266
                0x001140ce                int267
                0x001140df                int268
                0x001140f0                int269
                0x00114101                int270
                0x00114112                int271
                0x00114123                int272
                0x00114134                int273
                0x00114145                int274
                0x00114156                int275
                0x00114167                int276
                0x00114178                int277
                0x00114189                int278
                0x0011419a                int279
                0x001141ab                int280
                0x001141bc                int281
                0x001141cd                int282
                0x001141de                int283
                0x001141ef                int284
                0x00114200                int285
                0x00114211                int286
                0x00114222                int287
                0x00114233                int288
                0x00114244                int289
                0x00114255                int290
                0x00114266                int291
                0x00114277                int292
                0x00114288                int293
                0x00114299                int294
                0x001142aa                int295
                0x001142bb                int296
                0x001142cc                int297
                0x001142dd                int298
                0x001142ee                int299
                0x001142ff                int300
                0x00114310                int301
                0x00114321                int302
                0x00114332                int303
                0x00114343                int304
                0x00114354                int305
                0x00114365                int306
                0x00114376                int307
                0x00114387                int308
                0x00114398                int309
                0x001143a9                int310
                0x001143ba                int311
                0x001143cb                int312
                0x001143dc                int313
                0x001143ed                int314
                0x001143fe                int315
                0x0011440f                int316
                0x00114420                int317
                0x00114431                int318
                0x00114442                int319
                0x00114453                int320
                0x00114464                int321
                0x00114475                int322
                0x00114486                int323
                0x00114497                int324
                0x001144a8                int325
                0x001144b9                int326
                0x001144ca                int327
                0x001144db                int328
                0x001144ec                int329
                0x001144fd                int330
                0x0011450e                int331
                0x0011451f                int332
                0x00114530                int333
                0x00114541                int334
                0x00114552                int335
                0x00114563                int336
                0x00114574                int337
                0x00114585                int338
                0x00114596                int339
                0x001145a7                int340
                0x001145b8                int341
                0x001145c9                int342
                0x001145da                int343
                0x001145eb                int344
                0x001145fc                int345
                0x0011460d                int346
                0x0011461e                int347
                0x0011462f                int348
                0x00114640                int349
                0x00114651                int350
                0x00114662                int351
                0x00114673                int352
                0x00114684                int353
                0x00114695                int354
                0x001146a6                int355
                0x001146b7                int356
                0x001146c8                int357
                0x001146d9                int358
                0x001146ea                int359
                0x001146fb                int360
                0x0011470c                int361
                0x0011471d                int362
                0x0011472e                int363
                0x0011473f                int364
                0x00114750                int365
                0x00114761                int366
                0x00114772                int367
                0x00114783                int368
                0x00114794                int369
                0x001147a5                int370
                0x001147b6                int371
                0x001147c7                int372
                0x001147d8                int373
                0x001147e9                int374
                0x001147fa                int375
                0x0011480b                int376
                0x0011481c                int377
                0x0011482d                int378
                0x0011483e                int379
                0x0011484f                int380
                0x00114860                int381
                0x00114871                int382
                0x00114882                int383
                0x00114893                int384
                0x001148a4                int385
                0x001148b5                int386
                0x001148c6                int387
                0x001148d7                int388
                0x001148e8                int389
                0x001148f9                int390
                0x0011490a                int391
                0x0011491b                int392
                0x0011492c                int393
                0x0011493d                int394
                0x0011494e                int395
                0x0011495f                int396
                0x00114970                int397
                0x00114981                int398
                0x00114992                int399
                0x001149a3                int400
                0x001149b4                int401
                0x001149c5                int402
                0x001149d6                int403
                0x001149e7                int404
                0x001149f8                int405
                0x00114a09                int406
                0x00114a1a                int407
                0x00114a2b                int408
                0x00114a3c                int409
                0x00114a4d                int410
                0x00114a5e                int411
                0x00114a6f                int412
                0x00114a80                int413
                0x00114a91                int414
                0x00114aa2                int415
                0x00114ab3                int416
                0x00114ac4                int417
                0x00114ad5                int418
                0x00114ae6                int419
                0x00114af7                int420
                0x00114b08                int421
                0x00114b19                int422
                0x00114b2a                int423
                0x00114b3b                int424
                0x00114b4c                int425
                0x00114b5d                int426
                0x00114b6e                int427
                0x00114b7f                int428
                0x00114b90                int429
                0x00114ba1                int430
                0x00114bb2                int431
                0x00114bc3                int432
                0x00114bd4                int433
                0x00114be5                int434
                0x00114bf6                int435
                0x00114c07                int436
                0x00114c18                int437
                0x00114c29                int438
                0x00114c3a                int439
                0x00114c4b                int440
                0x00114c5c                int441
                0x00114c6d                int442
                0x00114c7e                int443
                0x00114c8f                int444
                0x00114ca0                int445
                0x00114cb1                int446
                0x00114cc2                int447
                0x00114cd3                int448
                0x00114ce4                int449
                0x00114cf5                int450
                0x00114d06                int451
                0x00114d17                int452
                0x00114d28                int453
                0x00114d39                int454
                0x00114d4a                int455
                0x00114d5b                int456
                0x00114d6c                int457
                0x00114d7d                int458
                0x00114d8e                int459
                0x00114d9f                int460
                0x00114db0                int461
                0x00114dc1                int462
                0x00114dd2                int463
                0x00114de3                int464
                0x00114df4                int465
                0x00114e05                int466
                0x00114e16                int467
                0x00114e27                int468
                0x00114e38                int469
                0x00114e49                int470
                0x00114e5a                int471
                0x00114e6b                int472
                0x00114e7c                int473
                0x00114e8d                int474
                0x00114e9e                int475
                0x00114eaf                int476
                0x00114ec0                int477
                0x00114ed1                int478
                0x00114ee2                int479
                0x00114ef3                int480
                0x00114f04                int481
                0x00114f15                int482
                0x00114f26                int483
                0x00114f37                int484
                0x00114f48                int485
                0x00114f59                int486
                0x00114f6a                int487
                0x00114f7b                int488
                0x00114f8c                int489
                0x00114f9d                int490
                0x00114fae                int491
                0x00114fbf                int492
                0x00114fd0                int493
                0x00114fe1                int494
                0x00114ff2                int495
                0x00115003                int496
                0x00115014                int497
                0x00115025                int498
                0x00115036                int499
                0x00115047                int500
                0x00115058                int501
                0x00115069                int502
                0x0011507a                int503
                0x0011508b                int504
                0x0011509c                int505
                0x001150ad                int506
                0x001150be                int507
                0x001150cf                int508
                0x001150e0                int509
                0x001150f1                int510
                0x00115102                int511
                0x00115113                isr80h_wrapper
                0x0011512a                tss_flush

.rodata         0x00116000      0xd04
 *(.rodata)
 .rodata        0x00116000      0xd04 ./build/kernelfull.o
                0x00116414                elf_signature

.multiboot      0x00116d04        0xc
 .multiboot     0x00116d04        0xc ./build/kernelfull.o

.data           0x00117000     0x74a8
 *(.data)
 .data          0x00117000     0x74a8 ./build/kernelfull.o
                0x00117004                interrupt_pointer_table
                0x00119acc                __stack_chk_guard
                0x0011ab00                ps2_keyboard
                0x0011d294                forecolor
                0x0011d880                exception_messages

.bss            0x0011f000     0x75a8
 *(COMMON)
 *(.bss)
 .bss           0x0011f000     0x75a8 ./build/kernelfull.o
                0x00123000                disk
                0x00123014                __cli_cnt
                0x00123020                file_systems
                0x00123060                file_descriptors
                0x00123860                fat16_fs
                0x00123870                kernel_heap
                0x00123878                kernel_heap_table
                0x00123880                kernel_page_directory
                0x001238a0                current_process
                0x00123cc0                current_task
                0x00123cc4                task_tail
                0x00123cc8                task_head
                0x00123ccc                backcolor
                0x00123ce0                gdt_entries
                0x00123d10                gdt_ptr
                0x00123d20                idt_descriptors
                0x00124d20                idtr_descriptor
                0x00126540                tss_entry
LOAD ./build/kernelfull.o
OUTPUT(./bin/kernel-grub.bin binary)

.comment        0x00000000      0x201
 .comment       0x00000000      0x201 ./build/kernelfull.o

.debug_aranges  0x00000000      0x3a0
 .debug_aranges
                0x00000000      0x3a0 ./build/kernelfull.o

.debug_pubnames
                0x00000000        0x0
 .debug_pubnames
                0x00000000        0x0 ./build/kernelfull.o

.debug_info     0x00000000     0xb737
 .debug_info    0x00000000     0xb737 ./build/kernelfull.o

.debug_abbrev   0x00000000     0x2bb5
 .debug_abbrev  0x00000000     0x2bb5 ./build/kernelfull.o

.debug_line     0x00000000     0x45bc
 .debug_line    0x00000000     0x45bc ./build/kernelfull.o

.debug_frame    0x00000000     0x299c
 .debug_frame   0x00000000     0x299c ./build/kernelfull.o

.debug_str      0x00000000     0x7b20
 .debug_str     0x00000000     0x7b20 ./build/kernelfull.o

.debug_loc      0x00000000        0x0
 .debug_loc     0x00000000        0x0 ./build/kernelfull.o

.debug_line_str
                0x00000000     0x16ee
 .debug_line_str
                0x00000000     0x16ee ./build/kernelfull.o

.debug_rnglists
                0x00000000       0x67
 .debug_rnglists
                0x00000000       0x67 ./build/kernelfull.o
